mode: atomic
github.com/scality/backbeat/bucket-scanner/pkg/counter/base_counter.go:15.36,17.2 1 3
github.com/scality/backbeat/bucket-scanner/pkg/counter/base_counter.go:19.51,21.2 1 1000000
github.com/scality/backbeat/bucket-scanner/pkg/counter/base_counter.go:23.51,25.2 1 0
github.com/scality/backbeat/bucket-scanner/pkg/counter/base_counter.go:27.35,29.2 1 3
github.com/scality/backbeat/bucket-scanner/pkg/counter/base_counter.go:31.36,33.2 1 2
github.com/scality/backbeat/bucket-scanner/pkg/counter/base_counter.go:35.39,37.2 1 1
github.com/scality/backbeat/bucket-scanner/pkg/counter/replication/by_status_counter_set.go:31.61,42.2 1 58
github.com/scality/backbeat/bucket-scanner/pkg/counter/replication/by_status_counter_set.go:44.67,51.2 6 3
github.com/scality/backbeat/bucket-scanner/pkg/counter/replication/by_status_counter_set.go:53.64,60.2 6 3
github.com/scality/backbeat/bucket-scanner/pkg/counter/replication/by_status_counter_set.go:62.41,69.2 6 2
github.com/scality/backbeat/bucket-scanner/pkg/counter/replication/by_status_counter_set.go:71.75,80.2 1 7
github.com/scality/backbeat/bucket-scanner/pkg/counter/replication/by_status_counter_set.go:82.81,89.2 6 3
github.com/scality/backbeat/bucket-scanner/pkg/counter/replication/by_status_counter_set.go:91.134,92.16 1 32
github.com/scality/backbeat/bucket-scanner/pkg/counter/replication/by_status_counter_set.go:93.40,94.19 1 8
github.com/scality/backbeat/bucket-scanner/pkg/counter/replication/by_status_counter_set.go:94.19,96.4 1 3
github.com/scality/backbeat/bucket-scanner/pkg/counter/replication/by_status_counter_set.go:97.3,98.92 2 8
github.com/scality/backbeat/bucket-scanner/pkg/counter/replication/by_status_counter_set.go:100.38,101.29 1 10
github.com/scality/backbeat/bucket-scanner/pkg/counter/replication/by_status_counter_set.go:103.37,104.19 1 6
github.com/scality/backbeat/bucket-scanner/pkg/counter/replication/by_status_counter_set.go:104.19,106.4 1 3
github.com/scality/backbeat/bucket-scanner/pkg/counter/replication/by_status_counter_set.go:107.3,107.28 1 6
github.com/scality/backbeat/bucket-scanner/pkg/counter/replication/by_status_counter_set.go:109.38,110.29 1 3
github.com/scality/backbeat/bucket-scanner/pkg/counter/replication/by_status_counter_set.go:112.41,113.32 1 2
github.com/scality/backbeat/bucket-scanner/pkg/counter/replication/by_status_counter_set.go:115.10,116.30 1 3
github.com/scality/backbeat/bucket-scanner/pkg/counter/replication/by_status_counter_set.go:120.71,129.2 1 1
github.com/scality/backbeat/bucket-scanner/pkg/counter/replication/counter_set.go:24.35,31.2 1 17
github.com/scality/backbeat/bucket-scanner/pkg/counter/replication/counter_set.go:33.49,40.40 5 1
github.com/scality/backbeat/bucket-scanner/pkg/counter/replication/counter_set.go:40.40,44.3 3 1
github.com/scality/backbeat/bucket-scanner/pkg/counter/replication/counter_set.go:47.46,53.43 4 1
github.com/scality/backbeat/bucket-scanner/pkg/counter/replication/counter_set.go:53.43,56.3 2 1
github.com/scality/backbeat/bucket-scanner/pkg/counter/replication/counter_set.go:59.31,65.2 4 1
github.com/scality/backbeat/bucket-scanner/pkg/counter/replication/counter_set.go:67.86,72.2 3 25
github.com/scality/backbeat/bucket-scanner/pkg/counter/replication/counter_set.go:74.86,76.9 2 26
github.com/scality/backbeat/bucket-scanner/pkg/counter/replication/counter_set.go:76.9,79.3 2 22
github.com/scality/backbeat/bucket-scanner/pkg/counter/replication/counter_set.go:81.2,81.13 1 26
github.com/scality/backbeat/bucket-scanner/pkg/counter/replication/counter_set.go:84.57,90.50 4 1
github.com/scality/backbeat/bucket-scanner/pkg/counter/replication/counter_set.go:90.50,92.3 1 1
github.com/scality/backbeat/bucket-scanner/pkg/counter/replication/counter_set.go:94.2,97.3 1 1
github.com/scality/backbeat/bucket-scanner/pkg/counter/replication/counter_set.go:100.63,103.33 2 1
github.com/scality/backbeat/bucket-scanner/pkg/counter/replication/counter_set.go:103.33,106.3 2 1
github.com/scality/backbeat/bucket-scanner/pkg/counter/replication/counter_set.go:113.127,116.39 2 8
github.com/scality/backbeat/bucket-scanner/pkg/counter/replication/counter_set.go:116.39,118.3 1 16
github.com/scality/backbeat/bucket-scanner/pkg/counter/tracking_counter.go:11.44,15.2 1 0
github.com/scality/backbeat/bucket-scanner/pkg/exporter/exporter.go:46.30,50.2 1 10
github.com/scality/backbeat/bucket-scanner/pkg/exporter/exporter.go:52.50,85.2 2 8
github.com/scality/backbeat/bucket-scanner/pkg/exporter/exporter.go:87.85,94.2 6 22
github.com/scality/backbeat/bucket-scanner/pkg/exporter/exporter.go:97.73,98.20 1 7
github.com/scality/backbeat/bucket-scanner/pkg/exporter/exporter.go:98.20,100.3 1 5
github.com/scality/backbeat/bucket-scanner/pkg/exporter/exporter.go:102.2,102.16 1 7
github.com/scality/backbeat/bucket-scanner/pkg/exporter/exporter.go:105.79,107.24 2 15
github.com/scality/backbeat/bucket-scanner/pkg/exporter/exporter.go:107.24,111.3 3 20
github.com/scality/backbeat/bucket-scanner/pkg/exporter/exporter.go:113.2,115.43 2 15
github.com/scality/backbeat/bucket-scanner/pkg/exporter/exporter.go:115.43,118.3 2 7
github.com/scality/backbeat/bucket-scanner/pkg/exporter/exporter.go:121.153,124.6 2 7
github.com/scality/backbeat/bucket-scanner/pkg/exporter/exporter.go:124.6,125.10 1 19
github.com/scality/backbeat/bucket-scanner/pkg/exporter/exporter.go:126.21,127.10 1 5
github.com/scality/backbeat/bucket-scanner/pkg/exporter/exporter.go:129.26,130.11 1 14
github.com/scality/backbeat/bucket-scanner/pkg/exporter/exporter.go:130.11,132.5 1 2
github.com/scality/backbeat/bucket-scanner/pkg/exporter/exporter.go:134.4,136.56 2 12
github.com/scality/backbeat/bucket-scanner/pkg/exporter/exporter.go:142.164,149.12 3 4
github.com/scality/backbeat/bucket-scanner/pkg/exporter/exporter.go:149.12,154.3 3 4
github.com/scality/backbeat/bucket-scanner/pkg/exporter/exporter.go:158.2,165.12 5 4
github.com/scality/backbeat/bucket-scanner/pkg/exporter/exporter.go:165.12,169.58 3 4
github.com/scality/backbeat/bucket-scanner/pkg/exporter/exporter.go:169.58,171.4 1 0
github.com/scality/backbeat/bucket-scanner/pkg/exporter/exporter.go:176.2,178.12 2 4
github.com/scality/backbeat/bucket-scanner/pkg/exporter/exporter.go:178.12,187.47 6 4
github.com/scality/backbeat/bucket-scanner/pkg/exporter/exporter.go:187.47,189.4 1 0
github.com/scality/backbeat/bucket-scanner/pkg/exporter/exporter.go:194.2,196.80 2 4
github.com/scality/backbeat/bucket-scanner/pkg/types/types.go:65.38,70.2 4 5
github.com/scality/backbeat/bucket-scanner/pkg/types/types.go:72.69,74.16 2 0
github.com/scality/backbeat/bucket-scanner/pkg/types/types.go:74.16,76.3 1 0
github.com/scality/backbeat/bucket-scanner/pkg/types/types.go:78.2,78.85 1 0
github.com/scality/backbeat/bucket-scanner/pkg/types/types.go:89.55,90.30 1 0
github.com/scality/backbeat/bucket-scanner/pkg/types/types.go:90.30,91.21 1 0
github.com/scality/backbeat/bucket-scanner/pkg/types/types.go:94.2,94.33 1 0
github.com/scality/backbeat/bucket-scanner/pkg/types/types.go:94.33,95.24 1 0
github.com/scality/backbeat/bucket-scanner/pkg/types/types.go:98.2,98.140 1 0
github.com/scality/backbeat/bucket-scanner/pkg/types/types.go:101.63,102.30 1 1
github.com/scality/backbeat/bucket-scanner/pkg/types/types.go:102.30,103.21 1 0
github.com/scality/backbeat/bucket-scanner/pkg/types/types.go:106.2,106.33 1 1
github.com/scality/backbeat/bucket-scanner/pkg/types/types.go:106.33,107.24 1 0
github.com/scality/backbeat/bucket-scanner/pkg/types/types.go:110.2,111.24 2 1
github.com/scality/backbeat/bucket-scanner/pkg/types/types.go:114.87,118.16 3 6
github.com/scality/backbeat/bucket-scanner/pkg/types/types.go:118.16,120.3 1 0
github.com/scality/backbeat/bucket-scanner/pkg/types/types.go:122.2,125.16 3 6
github.com/scality/backbeat/bucket-scanner/pkg/types/types.go:128.91,130.2 1 2
github.com/scality/backbeat/bucket-scanner/pkg/types/types.go:140.63,143.2 1 0
github.com/scality/backbeat/bucket-scanner/pkg/types/types.go:145.54,148.2 2 1
github.com/scality/backbeat/bucket-scanner/pkg/types/types.go:150.69,154.16 3 2
github.com/scality/backbeat/bucket-scanner/pkg/types/types.go:154.16,156.3 1 0
github.com/scality/backbeat/bucket-scanner/pkg/types/types.go:158.2,158.25 1 2
github.com/scality/backbeat/bucket-scanner/pkg/types/types.go:158.25,160.17 2 2
github.com/scality/backbeat/bucket-scanner/pkg/types/types.go:160.17,162.4 1 0
github.com/scality/backbeat/bucket-scanner/pkg/types/types.go:164.3,165.21 2 2
github.com/scality/backbeat/bucket-scanner/pkg/types/types.go:168.2,168.15 1 2
github.com/scality/backbeat/bucket-scanner/pkg/types/types.go:177.41,181.2 2 0
github.com/scality/backbeat/bucket-scanner/pkg/types/types.go:183.49,188.2 3 1
github.com/scality/backbeat/bucket-scanner/pkg/types/types.go:190.59,194.16 3 2
github.com/scality/backbeat/bucket-scanner/pkg/types/types.go:194.16,196.3 1 0
github.com/scality/backbeat/bucket-scanner/pkg/types/types.go:198.2,198.15 1 2
github.com/scality/backbeat/bucket-scanner/pkg/types/types.go:208.41,210.2 1 0
github.com/scality/backbeat/bucket-scanner/pkg/types/types.go:212.49,215.2 2 1
github.com/scality/backbeat/bucket-scanner/pkg/types/types.go:217.59,221.16 3 2
github.com/scality/backbeat/bucket-scanner/pkg/types/types.go:221.16,223.3 1 0
github.com/scality/backbeat/bucket-scanner/pkg/types/types.go:225.2,225.25 1 2
github.com/scality/backbeat/bucket-scanner/pkg/types/types.go:225.25,227.17 2 2
github.com/scality/backbeat/bucket-scanner/pkg/types/types.go:227.17,229.4 1 0
github.com/scality/backbeat/bucket-scanner/pkg/types/types.go:231.3,232.21 2 2
github.com/scality/backbeat/bucket-scanner/pkg/types/types.go:235.2,235.15 1 2
